---
source: src/parser.rs
expression: "parse(\"(Î» (x) (cons x 42))\")"
---
Ok(
    [
        Expr(
            Lambda(
                [
                    "x",
                ],
                Cons(
                    Var(
                        "x",
                    ),
                    Nat(
                        BigUint {
                            data: [
                                42,
                            ],
                        },
                    ),
                ),
            ),
        ),
    ],
)
