---
source: src/interpreter.rs
expression: "format!(\"{} {}\", source, execute(& mut Interpreter :: new(), source))"
---
(cons x y) // Cannot resolve the type of expression x 

