---
source: src/parser.rs
expression: "parse(\"Atom\")"
---
Ok(
    [
        Expr(
            Expr {
                kind: TAtom,
            },
        ),
    ],
)
