---
source: src/interpreter.rs
expression: "execute(&mut Interpreter::new(), \"(claim x TTT)\")"
---
TTT is not a type!
