---
source: src/parser.rs
expression: "parse(\"'x\")"
---
Ok(
    [
        Expr(
            Expr {
                kind: Atom(
                    "x",
                ),
            },
        ),
    ],
)
