---
source: src/parser.rs
expression: "parse(\"x\")"
---
Ok(
    [
        Expr(
            Var(
                "x",
            ),
        ),
    ],
)
