---
source: src/parser.rs
expression: "parse(\"(cons 'x 'x)\")"
---
Ok(
    [
        Expr(
            Cons(
                Atom(
                    "x",
                ),
                Atom(
                    "x",
                ),
            ),
        ),
    ],
)
